[2025-10-04 08:34:20,191][__main__][INFO] - ========================================================
[2025-10-04 08:34:20,191][__main__][INFO] - STARTING NEW TRAINING RUN - HYDRA + MLFLOW
[2025-10-04 08:34:20,191][__main__][INFO] - Experiment: RL_Cygnus_PPO, Run ID: 90f5fa9d692648c096bcfcef2cd38870
[2025-10-04 08:34:20,191][__main__][INFO] - ========================================================
[2025-10-04 08:34:20,314][__main__][INFO] - Git Commit Hash: d3a97b7e78f094b95a2103b4529d4dd6f6f2071b
[2025-10-04 08:34:20,314][__main__][INFO] - Loading data from: C:\Users\mubas\OneDrive\Desktop\rl_cygnus\data\processed\BTCUSDT-5m_2023-01-01_to_2023-01-31_features.csv
[2025-10-04 08:34:23,254][__main__][INFO] - Starting training loop...
[2025-10-04 08:34:24,536][__main__][INFO] -     Step 500 | Action: 1.00 | Portfolio Value: $9996.20
[2025-10-04 08:34:25,729][__main__][INFO] -     Step 1000 | Action: 1.00 | Portfolio Value: $9998.26
[2025-10-04 08:34:26,984][__main__][INFO] -     Step 1500 | Action: 0.00 | Portfolio Value: $9996.03
[2025-10-04 08:34:28,222][__main__][INFO] -     Step 2000 | Action: 0.00 | Portfolio Value: $9994.11
[2025-10-04 08:34:30,030][__main__][INFO] -     Step 2500 | Action: 1.00 | Portfolio Value: $9993.41
[2025-10-04 08:34:31,276][__main__][INFO] -     Step 3000 | Action: 1.00 | Portfolio Value: $9993.79
[2025-10-04 08:34:32,494][__main__][INFO] -     Step 3500 | Action: 0.00 | Portfolio Value: $10003.51
[2025-10-04 08:34:33,743][__main__][INFO] -     Step 4000 | Action: 1.00 | Portfolio Value: $10010.11
[2025-10-04 08:34:35,241][__main__][INFO] -     Step 4500 | Action: 2.00 | Portfolio Value: $10006.45
[2025-10-04 08:34:36,498][__main__][INFO] -     Step 5000 | Action: 0.00 | Portfolio Value: $10004.43
[2025-10-04 08:34:37,757][__main__][INFO] -     Step 5500 | Action: 1.00 | Portfolio Value: $10003.70
[2025-10-04 08:34:38,917][__main__][INFO] -     Step 6000 | Action: 2.00 | Portfolio Value: $10034.19
[2025-10-04 08:34:40,696][__main__][INFO] -     Step 6500 | Action: 0.00 | Portfolio Value: $10028.85
[2025-10-04 08:34:41,979][__main__][INFO] -     Step 7000 | Action: 0.00 | Portfolio Value: $10025.45
[2025-10-04 08:34:43,256][__main__][INFO] -     Step 7500 | Action: 2.00 | Portfolio Value: $10019.78
[2025-10-04 08:34:44,529][__main__][INFO] -     Step 8000 | Action: 1.00 | Portfolio Value: $10015.82
[2025-10-04 08:34:46,042][__main__][INFO] -     Step 8500 | Action: 0.00 | Portfolio Value: $10021.70
[2025-10-04 08:34:46,622][__main__][INFO] - Ep 1/500 | Reward:    37.12 | Portfolio: $  10007.32 | Return:    0.07%
[2025-10-04 08:34:47,560][__main__][INFO] -     Step 360 | Action: 0.00 | Portfolio Value: $9996.40
[2025-10-04 08:34:49,002][__main__][INFO] -     Step 860 | Action: 0.00 | Portfolio Value: $9994.90
[2025-10-04 08:34:50,342][__main__][INFO] -     Step 1360 | Action: 0.00 | Portfolio Value: $9993.71
[2025-10-04 08:34:51,859][__main__][INFO] -     Step 1860 | Action: 1.00 | Portfolio Value: $9988.63
[2025-10-04 08:34:53,206][__main__][INFO] -     Step 2360 | Action: 2.00 | Portfolio Value: $9985.22
[2025-10-04 08:34:54,560][__main__][INFO] -     Step 2860 | Action: 1.00 | Portfolio Value: $9982.44
[2025-10-04 08:34:55,871][__main__][INFO] -     Step 3360 | Action: 2.00 | Portfolio Value: $9972.65
[2025-10-04 08:34:57,383][__main__][INFO] -     Step 3860 | Action: 1.00 | Portfolio Value: $9967.34
[2025-10-04 08:34:58,737][__main__][INFO] -     Step 4360 | Action: 1.00 | Portfolio Value: $9965.18
[2025-10-04 08:35:00,033][__main__][INFO] -     Step 4860 | Action: 1.00 | Portfolio Value: $9961.68
[2025-10-04 08:35:01,374][__main__][INFO] -     Step 5360 | Action: 1.00 | Portfolio Value: $9955.99
[2025-10-04 08:35:02,900][__main__][INFO] -     Step 5860 | Action: 0.00 | Portfolio Value: $9969.73
[2025-10-04 08:35:04,282][__main__][INFO] -     Step 6360 | Action: 2.00 | Portfolio Value: $9974.78
[2025-10-04 08:35:05,842][__main__][INFO] -     Step 6860 | Action: 0.00 | Portfolio Value: $9975.25
[2025-10-04 08:35:07,131][__main__][INFO] -     Step 7360 | Action: 0.00 | Portfolio Value: $9953.57
[2025-10-04 08:35:08,677][__main__][INFO] -     Step 7860 | Action: 1.00 | Portfolio Value: $9946.86
[2025-10-04 08:35:09,978][__main__][INFO] -     Step 8360 | Action: 0.00 | Portfolio Value: $9945.06
[2025-10-04 08:35:11,166][__main__][INFO] - Ep 2/500 | Reward:    25.02 | Portfolio: $   9936.70 | Return:   -0.63%
[2025-10-04 08:35:12,065][__main__][INFO] -     Step 220 | Action: 0.00 | Portfolio Value: $9998.14
[2025-10-04 08:35:14,048][__main__][INFO] -     Step 720 | Action: 1.00 | Portfolio Value: $9994.62
[2025-10-04 08:35:16,075][__main__][INFO] -     Step 1220 | Action: 0.00 | Portfolio Value: $9988.79
[2025-10-04 08:35:17,836][__main__][INFO] -     Step 1720 | Action: 0.00 | Portfolio Value: $9983.79
[2025-10-04 08:35:19,883][__main__][INFO] -     Step 2220 | Action: 0.00 | Portfolio Value: $9979.05
[2025-10-04 08:35:21,420][__main__][INFO] -     Step 2720 | Action: 0.00 | Portfolio Value: $9975.46
[2025-10-04 08:35:23,022][__main__][INFO] -     Step 3220 | Action: 1.00 | Portfolio Value: $9989.15
[2025-10-04 08:35:24,182][__main__][INFO] -     Step 3720 | Action: 0.00 | Portfolio Value: $10012.20
[2025-10-04 08:35:25,449][__main__][INFO] -     Step 4220 | Action: 0.00 | Portfolio Value: $10003.03
[2025-10-04 08:35:26,561][__main__][INFO] -     Step 4720 | Action: 1.00 | Portfolio Value: $10000.64
[2025-10-04 08:35:27,687][__main__][INFO] -     Step 5220 | Action: 0.00 | Portfolio Value: $9998.65
[2025-10-04 08:35:29,036][__main__][INFO] -     Step 5720 | Action: 0.00 | Portfolio Value: $9998.60
[2025-10-04 08:35:30,430][__main__][INFO] -     Step 6220 | Action: 2.00 | Portfolio Value: $9986.28
[2025-10-04 08:35:31,780][__main__][INFO] -     Step 6720 | Action: 0.00 | Portfolio Value: $9979.59
[2025-10-04 08:35:32,900][__main__][INFO] -     Step 7220 | Action: 0.00 | Portfolio Value: $9987.67
[2025-10-04 08:35:34,284][__main__][INFO] -     Step 7720 | Action: 1.00 | Portfolio Value: $9977.64
[2025-10-04 08:35:35,480][__main__][INFO] -     Step 8220 | Action: 0.00 | Portfolio Value: $9974.63
[2025-10-04 08:35:36,930][__main__][INFO] - Ep 3/500 | Reward:    40.49 | Portfolio: $   9971.74 | Return:   -0.28%
[2025-10-04 08:35:37,157][__main__][INFO] -     Step 80 | Action: 2.00 | Portfolio Value: $9998.00
[2025-10-04 08:35:38,453][__main__][INFO] -     Step 580 | Action: 2.00 | Portfolio Value: $9993.21
[2025-10-04 08:35:39,924][__main__][INFO] -     Step 1080 | Action: 2.00 | Portfolio Value: $9987.61
[2025-10-04 08:35:41,108][__main__][INFO] -     Step 1580 | Action: 0.00 | Portfolio Value: $9984.54
[2025-10-04 08:35:42,353][__main__][INFO] -     Step 2080 | Action: 0.00 | Portfolio Value: $9977.98
[2025-10-04 08:35:43,528][__main__][INFO] -     Step 2580 | Action: 0.00 | Portfolio Value: $9973.42
[2025-10-04 08:35:44,931][__main__][INFO] -     Step 3080 | Action: 1.00 | Portfolio Value: $9965.31
[2025-10-04 08:35:46,259][__main__][INFO] -     Step 3580 | Action: 2.00 | Portfolio Value: $9964.07
[2025-10-04 08:35:47,456][__main__][INFO] -     Step 4080 | Action: 1.00 | Portfolio Value: $9983.56
[2025-10-04 08:35:48,829][__main__][INFO] -     Step 4580 | Action: 0.00 | Portfolio Value: $9969.94
[2025-10-04 08:35:50,248][__main__][INFO] -     Step 5080 | Action: 0.00 | Portfolio Value: $9961.73
[2025-10-04 08:35:51,428][__main__][INFO] -     Step 5580 | Action: 0.00 | Portfolio Value: $9956.11
[2025-10-04 08:35:52,604][__main__][INFO] -     Step 6080 | Action: 2.00 | Portfolio Value: $9959.52
[2025-10-04 08:35:53,862][__main__][INFO] -     Step 6580 | Action: 0.00 | Portfolio Value: $9950.59
[2025-10-04 08:35:55,603][__main__][INFO] -     Step 7080 | Action: 0.00 | Portfolio Value: $9944.19
[2025-10-04 08:35:57,184][__main__][INFO] -     Step 7580 | Action: 1.00 | Portfolio Value: $9939.02
[2025-10-04 08:35:58,799][__main__][INFO] -     Step 8080 | Action: 2.00 | Portfolio Value: $9936.77
[2025-10-04 08:36:00,572][__main__][INFO] -     Step 8580 | Action: 2.00 | Portfolio Value: $9924.85
[2025-10-04 08:36:00,930][__main__][INFO] - Ep 4/500 | Reward:    35.14 | Portfolio: $   9924.66 | Return:   -0.75%
[2025-10-04 08:36:02,735][__main__][INFO] -     Step 440 | Action: 0.00 | Portfolio Value: $9994.79
[2025-10-04 08:36:04,103][__main__][INFO] -     Step 940 | Action: 0.00 | Portfolio Value: $9984.43
[2025-10-04 08:36:05,466][__main__][INFO] -     Step 1440 | Action: 0.00 | Portfolio Value: $9973.81
[2025-10-04 08:36:07,117][__main__][INFO] -     Step 1940 | Action: 0.00 | Portfolio Value: $9963.87
[2025-10-04 08:36:09,084][__main__][INFO] -     Step 2440 | Action: 0.00 | Portfolio Value: $9955.80
[2025-10-04 08:36:10,844][__main__][INFO] -     Step 2940 | Action: 1.00 | Portfolio Value: $9951.05
[2025-10-04 08:36:13,021][__main__][INFO] -     Step 3440 | Action: 1.00 | Portfolio Value: $9952.89
[2025-10-04 08:36:15,624][__main__][INFO] -     Step 3940 | Action: 2.00 | Portfolio Value: $9957.19
[2025-10-04 08:36:18,914][__main__][INFO] -     Step 4440 | Action: 0.00 | Portfolio Value: $9955.81
[2025-10-04 08:36:21,762][__main__][INFO] -     Step 4940 | Action: 0.00 | Portfolio Value: $9960.30
[2025-10-04 08:36:24,457][__main__][INFO] -     Step 5440 | Action: 0.00 | Portfolio Value: $9930.88
[2025-10-04 08:36:27,109][__main__][INFO] -     Step 5940 | Action: 0.00 | Portfolio Value: $9927.97
[2025-10-04 08:36:30,718][__main__][INFO] -     Step 6440 | Action: 1.00 | Portfolio Value: $9916.46
[2025-10-04 08:36:33,727][__main__][INFO] -     Step 6940 | Action: 0.00 | Portfolio Value: $9914.23
[2025-10-04 08:36:36,807][__main__][INFO] -     Step 7440 | Action: 0.00 | Portfolio Value: $9911.04
[2025-10-04 08:36:39,727][__main__][INFO] -     Step 7940 | Action: 0.00 | Portfolio Value: $9911.53
[2025-10-04 08:36:41,928][__main__][INFO] -     Step 8440 | Action: 0.00 | Portfolio Value: $9914.49
[2025-10-04 08:36:43,853][__main__][INFO] - Ep 5/500 | Reward:    45.40 | Portfolio: $   9917.27 | Return:   -0.83%
[2025-10-04 08:36:45,262][__main__][INFO] -     Step 300 | Action: 0.00 | Portfolio Value: $9995.71
[2025-10-04 08:36:47,509][__main__][INFO] -     Step 800 | Action: 0.00 | Portfolio Value: $9985.27
[2025-10-04 08:36:49,671][__main__][INFO] -     Step 1300 | Action: 0.00 | Portfolio Value: $9976.06
[2025-10-04 08:36:51,819][__main__][INFO] -     Step 1800 | Action: 2.00 | Portfolio Value: $9969.08
[2025-10-04 08:36:54,748][__main__][INFO] -     Step 2300 | Action: 0.00 | Portfolio Value: $9963.04
[2025-10-04 08:36:56,773][__main__][INFO] -     Step 2800 | Action: 0.00 | Portfolio Value: $9960.55
[2025-10-04 08:36:58,970][__main__][INFO] -     Step 3300 | Action: 0.00 | Portfolio Value: $9950.49
[2025-10-04 08:37:01,520][__main__][INFO] -     Step 3800 | Action: 2.00 | Portfolio Value: $9957.86
[2025-10-04 08:37:05,238][__main__][INFO] -     Step 4300 | Action: 1.00 | Portfolio Value: $9944.80
[2025-10-04 08:37:07,737][__main__][INFO] -     Step 4800 | Action: 0.00 | Portfolio Value: $9942.14
[2025-10-04 08:37:10,192][__main__][INFO] -     Step 5300 | Action: 0.00 | Portfolio Value: $9939.56
[2025-10-04 08:37:12,756][__main__][INFO] -     Step 5800 | Action: 1.00 | Portfolio Value: $9936.14
[2025-10-04 08:37:14,337][__main__][INFO] -     Step 6300 | Action: 0.00 | Portfolio Value: $9931.43
[2025-10-04 08:37:15,645][__main__][INFO] -     Step 6800 | Action: 1.00 | Portfolio Value: $9936.67
[2025-10-04 08:37:17,281][__main__][INFO] -     Step 7300 | Action: 0.00 | Portfolio Value: $9902.63
[2025-10-04 08:37:18,762][__main__][INFO] -     Step 7800 | Action: 2.00 | Portfolio Value: $9893.24
[2025-10-04 08:37:20,673][__main__][INFO] -     Step 8300 | Action: 0.00 | Portfolio Value: $9893.91
[2025-10-04 08:37:22,113][__main__][INFO] - Ep 6/500 | Reward:    39.66 | Portfolio: $   9882.96 | Return:   -1.17%
[2025-10-04 08:37:22,681][__main__][INFO] -     Step 160 | Action: 0.00 | Portfolio Value: $9995.88
[2025-10-04 08:37:24,342][__main__][INFO] -     Step 660 | Action: 0.00 | Portfolio Value: $9989.75
[2025-10-04 08:37:25,847][__main__][INFO] -     Step 1160 | Action: 1.00 | Portfolio Value: $9985.83
[2025-10-04 08:37:27,488][__main__][INFO] -     Step 1660 | Action: 0.00 | Portfolio Value: $9978.18
[2025-10-04 08:37:28,883][__main__][INFO] -     Step 2160 | Action: 0.00 | Portfolio Value: $9970.61
[2025-10-04 08:37:30,564][__main__][INFO] -     Step 2660 | Action: 0.00 | Portfolio Value: $9965.44
[2025-10-04 08:37:32,037][__main__][INFO] -     Step 3160 | Action: 1.00 | Portfolio Value: $9958.94
[2025-10-04 08:37:33,677][__main__][INFO] -     Step 3660 | Action: 0.00 | Portfolio Value: $9952.96
[2025-10-04 08:37:35,236][__main__][INFO] -     Step 4160 | Action: 0.00 | Portfolio Value: $9945.99
[2025-10-04 08:37:37,436][__main__][INFO] -     Step 4660 | Action: 0.00 | Portfolio Value: $9942.50
[2025-10-04 08:37:39,544][__main__][INFO] -     Step 5160 | Action: 0.00 | Portfolio Value: $9927.09
[2025-10-04 08:37:42,251][__main__][INFO] -     Step 5660 | Action: 0.00 | Portfolio Value: $9921.81
[2025-10-04 08:37:44,313][__main__][INFO] -     Step 6160 | Action: 0.00 | Portfolio Value: $9931.84
[2025-10-04 08:37:46,447][__main__][INFO] -     Step 6660 | Action: 0.00 | Portfolio Value: $9915.24
[2025-10-04 08:37:48,559][__main__][INFO] -     Step 7160 | Action: 0.00 | Portfolio Value: $9910.49
[2025-10-04 08:37:51,739][__main__][INFO] -     Step 7660 | Action: 0.00 | Portfolio Value: $9906.74
[2025-10-04 08:37:53,841][__main__][INFO] -     Step 8160 | Action: 0.00 | Portfolio Value: $9902.07
[2025-10-04 08:37:56,287][__main__][INFO] - Ep 7/500 | Reward:    39.29 | Portfolio: $   9882.00 | Return:   -1.18%
[2025-10-04 08:37:56,382][__main__][INFO] -     Step 20 | Action: 0.00 | Portfolio Value: $10000.00
[2025-10-04 08:37:58,664][__main__][INFO] -     Step 520 | Action: 0.00 | Portfolio Value: $9993.52
[2025-10-04 08:38:01,562][__main__][INFO] -     Step 1020 | Action: 0.00 | Portfolio Value: $9985.65
[2025-10-04 08:38:03,738][__main__][INFO] -     Step 1520 | Action: 1.00 | Portfolio Value: $9974.69
[2025-10-04 08:38:06,526][__main__][INFO] -     Step 2020 | Action: 0.00 | Portfolio Value: $9968.73
[2025-10-04 08:38:08,937][__main__][INFO] -     Step 2520 | Action: 0.00 | Portfolio Value: $9962.01
[2025-10-04 08:38:11,818][__main__][INFO] -     Step 3020 | Action: 0.00 | Portfolio Value: $9952.08
[2025-10-04 08:38:14,102][__main__][INFO] -     Step 3520 | Action: 0.00 | Portfolio Value: $9964.29
[2025-10-04 08:38:16,311][__main__][INFO] -     Step 4020 | Action: 0.00 | Portfolio Value: $9962.37
[2025-10-04 08:38:18,674][__main__][INFO] -     Step 4520 | Action: 0.00 | Portfolio Value: $9959.63
[2025-10-04 08:38:20,889][__main__][INFO] -     Step 5020 | Action: 0.00 | Portfolio Value: $9947.66
[2025-10-04 08:38:23,586][__main__][INFO] -     Step 5520 | Action: 0.00 | Portfolio Value: $9940.54
[2025-10-04 08:38:25,626][__main__][INFO] -     Step 6020 | Action: 2.00 | Portfolio Value: $9949.23
[2025-10-04 08:38:28,478][__main__][INFO] -     Step 6520 | Action: 0.00 | Portfolio Value: $9948.48
[2025-10-04 08:38:30,792][__main__][INFO] -     Step 7020 | Action: 0.00 | Portfolio Value: $9946.65
[2025-10-04 08:38:33,716][__main__][INFO] -     Step 7520 | Action: 0.00 | Portfolio Value: $9954.97
[2025-10-04 08:38:35,984][__main__][INFO] -     Step 8020 | Action: 0.00 | Portfolio Value: $9950.91
[2025-10-04 08:38:38,170][__main__][INFO] -     Step 8520 | Action: 0.00 | Portfolio Value: $9949.55
[2025-10-04 08:38:38,844][__main__][INFO] - Ep 8/500 | Reward:    45.63 | Portfolio: $   9948.12 | Return:   -0.52%
[2025-10-04 08:38:40,481][__main__][INFO] -     Step 380 | Action: 0.00 | Portfolio Value: $9993.27
[2025-10-04 08:38:43,523][__main__][INFO] -     Step 880 | Action: 0.00 | Portfolio Value: $9985.66
[2025-10-04 08:38:45,993][__main__][INFO] -     Step 1380 | Action: 0.00 | Portfolio Value: $9974.83
[2025-10-04 08:38:49,351][__main__][INFO] -     Step 1880 | Action: 0.00 | Portfolio Value: $9966.51
[2025-10-04 08:38:51,815][__main__][INFO] -     Step 2380 | Action: 0.00 | Portfolio Value: $9962.60
[2025-10-04 08:38:53,501][__main__][INFO] -     Step 2880 | Action: 2.00 | Portfolio Value: $9956.39
[2025-10-04 08:38:54,779][__main__][INFO] -     Step 3380 | Action: 1.00 | Portfolio Value: $9952.41
[2025-10-04 08:38:56,157][__main__][INFO] -     Step 3880 | Action: 0.00 | Portfolio Value: $9943.75
[2025-10-04 08:38:57,516][__main__][INFO] -     Step 4380 | Action: 0.00 | Portfolio Value: $9941.79
[2025-10-04 08:38:58,995][__main__][INFO] -     Step 4880 | Action: 0.00 | Portfolio Value: $9930.88
[2025-10-04 08:39:00,395][__main__][INFO] -     Step 5380 | Action: 0.00 | Portfolio Value: $9934.25
[2025-10-04 08:39:01,765][__main__][INFO] -     Step 5880 | Action: 0.00 | Portfolio Value: $9937.74
[2025-10-04 08:39:03,131][__main__][INFO] -     Step 6380 | Action: 0.00 | Portfolio Value: $9931.77
[2025-10-04 08:39:04,611][__main__][INFO] -     Step 6880 | Action: 0.00 | Portfolio Value: $9933.10
[2025-10-04 08:39:05,901][__main__][INFO] -     Step 7380 | Action: 1.00 | Portfolio Value: $9917.09
[2025-10-04 08:39:07,319][__main__][INFO] -     Step 7880 | Action: 0.00 | Portfolio Value: $9916.95
[2025-10-04 08:39:08,977][__main__][INFO] -     Step 8380 | Action: 0.00 | Portfolio Value: $9910.57
[2025-10-04 08:39:10,259][__main__][INFO] - Ep 9/500 | Reward:    38.57 | Portfolio: $   9892.27 | Return:   -1.08%
[2025-10-04 08:39:11,486][__main__][INFO] -     Step 240 | Action: 0.00 | Portfolio Value: $9997.17
[2025-10-04 08:39:13,343][__main__][INFO] -     Step 740 | Action: 0.00 | Portfolio Value: $9989.88
[2025-10-04 08:39:16,340][__main__][INFO] -     Step 1240 | Action: 2.00 | Portfolio Value: $9982.26
[2025-10-04 08:39:19,594][__main__][INFO] -     Step 1740 | Action: 2.00 | Portfolio Value: $9976.34
[2025-10-04 08:39:22,922][__main__][INFO] -     Step 2240 | Action: 0.00 | Portfolio Value: $9969.18
[2025-10-04 08:39:25,055][__main__][INFO] -     Step 2740 | Action: 0.00 | Portfolio Value: $9965.15
[2025-10-04 08:39:27,150][__main__][INFO] -     Step 3240 | Action: 0.00 | Portfolio Value: $9963.34
[2025-10-04 08:39:29,295][__main__][INFO] -     Step 3740 | Action: 0.00 | Portfolio Value: $9955.20
[2025-10-04 08:39:32,098][__main__][INFO] -     Step 4240 | Action: 2.00 | Portfolio Value: $9945.39
[2025-10-04 08:39:34,461][__main__][INFO] -     Step 4740 | Action: 0.00 | Portfolio Value: $9940.44
[2025-10-04 08:39:36,592][__main__][INFO] -     Step 5240 | Action: 0.00 | Portfolio Value: $9938.60
[2025-10-04 08:39:38,766][__main__][INFO] -     Step 5740 | Action: 0.00 | Portfolio Value: $9940.83
[2025-10-04 08:39:41,762][__main__][INFO] -     Step 6240 | Action: 0.00 | Portfolio Value: $9937.23
[2025-10-04 08:39:43,914][__main__][INFO] -     Step 6740 | Action: 0.00 | Portfolio Value: $9925.30
[2025-10-04 08:39:46,127][__main__][INFO] -     Step 7240 | Action: 0.00 | Portfolio Value: $9917.97
[2025-10-04 08:39:48,259][__main__][INFO] -     Step 7740 | Action: 0.00 | Portfolio Value: $9907.68
[2025-10-04 08:39:50,437][__main__][INFO] -     Step 8240 | Action: 0.00 | Portfolio Value: $9898.88
[2025-10-04 08:39:53,135][__main__][INFO] - Ep 10/500 | Reward:    34.62 | Portfolio: $   9883.94 | Return:   -1.16%
[2025-10-04 08:39:53,559][__main__][INFO] -     Step 100 | Action: 0.00 | Portfolio Value: $9997.36
[2025-10-04 08:39:55,593][__main__][INFO] -     Step 600 | Action: 0.00 | Portfolio Value: $9987.06
[2025-10-04 08:39:58,022][__main__][INFO] -     Step 1100 | Action: 0.00 | Portfolio Value: $9980.00
[2025-10-04 08:40:00,075][__main__][INFO] -     Step 1600 | Action: 2.00 | Portfolio Value: $9969.74
[2025-10-04 08:40:03,005][__main__][INFO] -     Step 2100 | Action: 0.00 | Portfolio Value: $9964.70
[2025-10-04 08:40:05,162][__main__][INFO] -     Step 2600 | Action: 0.00 | Portfolio Value: $9958.67
[2025-10-04 08:40:07,538][__main__][INFO] -     Step 3100 | Action: 0.00 | Portfolio Value: $9953.56
[2025-10-04 08:40:09,659][__main__][INFO] -     Step 3600 | Action: 0.00 | Portfolio Value: $9935.95
[2025-10-04 08:40:12,480][__main__][INFO] -     Step 4100 | Action: 0.00 | Portfolio Value: $9916.06
[2025-10-04 08:40:14,581][__main__][INFO] -     Step 4600 | Action: 0.00 | Portfolio Value: $9910.81
[2025-10-04 08:40:16,703][__main__][INFO] -     Step 5100 | Action: 0.00 | Portfolio Value: $9902.19
[2025-10-04 08:40:18,854][__main__][INFO] -     Step 5600 | Action: 0.00 | Portfolio Value: $9900.77
[2025-10-04 08:40:21,879][__main__][INFO] -     Step 6100 | Action: 0.00 | Portfolio Value: $9892.52
[2025-10-04 08:40:24,165][__main__][INFO] -     Step 6600 | Action: 0.00 | Portfolio Value: $9889.04
[2025-10-04 08:40:26,273][__main__][INFO] -     Step 7100 | Action: 0.00 | Portfolio Value: $9882.45
[2025-10-04 08:40:28,399][__main__][INFO] -     Step 7600 | Action: 0.00 | Portfolio Value: $9883.91
[2025-10-04 08:40:31,152][__main__][INFO] -     Step 8100 | Action: 0.00 | Portfolio Value: $9876.69
[2025-10-04 08:40:33,325][__main__][INFO] -     Step 8600 | Action: 0.00 | Portfolio Value: $9875.97
[2025-10-04 08:40:33,702][__main__][INFO] - Ep 11/500 | Reward:    40.91 | Portfolio: $   9875.95 | Return:   -1.24%
[2025-10-04 08:40:35,892][__main__][INFO] -     Step 460 | Action: 0.00 | Portfolio Value: $9992.45
[2025-10-04 08:40:38,412][__main__][INFO] -     Step 960 | Action: 0.00 | Portfolio Value: $9987.06
[2025-10-04 08:40:41,237][__main__][INFO] -     Step 1460 | Action: 1.00 | Portfolio Value: $9979.20
[2025-10-04 08:40:43,349][__main__][INFO] -     Step 1960 | Action: 2.00 | Portfolio Value: $9972.47
[2025-10-04 08:40:45,443][__main__][INFO] -     Step 2460 | Action: 0.00 | Portfolio Value: $9964.32
[2025-10-04 08:40:47,598][__main__][INFO] -     Step 2960 | Action: 0.00 | Portfolio Value: $9952.15
[2025-10-04 08:40:50,692][__main__][INFO] -     Step 3460 | Action: 0.00 | Portfolio Value: $9966.23
[2025-10-04 08:40:52,948][__main__][INFO] -     Step 3960 | Action: 2.00 | Portfolio Value: $9961.06
[2025-10-04 08:40:55,118][__main__][INFO] -     Step 4460 | Action: 0.00 | Portfolio Value: $9950.21
[2025-10-04 08:40:57,217][__main__][INFO] -     Step 4960 | Action: 0.00 | Portfolio Value: $9945.81
[2025-10-04 08:41:00,171][__main__][INFO] -     Step 5460 | Action: 0.00 | Portfolio Value: $9941.22
[2025-10-04 08:41:02,480][__main__][INFO] -     Step 5960 | Action: 0.00 | Portfolio Value: $9939.08
[2025-10-04 08:41:04,577][__main__][INFO] -     Step 6460 | Action: 2.00 | Portfolio Value: $9924.25
[2025-10-04 08:41:06,624][__main__][INFO] -     Step 6960 | Action: 0.00 | Portfolio Value: $9914.49
[2025-10-04 08:41:09,486][__main__][INFO] -     Step 7460 | Action: 0.00 | Portfolio Value: $9905.06
[2025-10-04 08:41:11,648][__main__][INFO] -     Step 7960 | Action: 0.00 | Portfolio Value: $9905.96
[2025-10-04 08:41:13,995][__main__][INFO] -     Step 8460 | Action: 0.00 | Portfolio Value: $9903.10
[2025-10-04 08:41:15,174][__main__][INFO] - Ep 12/500 | Reward:    44.98 | Portfolio: $   9904.81 | Return:   -0.95%
[2025-10-04 08:41:16,665][__main__][INFO] -     Step 320 | Action: 0.00 | Portfolio Value: $9995.29
[2025-10-04 08:41:19,592][__main__][INFO] -     Step 820 | Action: 0.00 | Portfolio Value: $9988.96
[2025-10-04 08:41:21,674][__main__][INFO] -     Step 1320 | Action: 0.00 | Portfolio Value: $9978.99
[2025-10-04 08:41:23,800][__main__][INFO] -     Step 1820 | Action: 0.00 | Portfolio Value: $9975.57
[2025-10-04 08:41:25,919][__main__][INFO] -     Step 2320 | Action: 0.00 | Portfolio Value: $9969.40
[2025-10-04 08:41:28,710][__main__][INFO] -     Step 2820 | Action: 0.00 | Portfolio Value: $9964.91
[2025-10-04 08:41:31,043][__main__][INFO] -     Step 3320 | Action: 1.00 | Portfolio Value: $9960.59
[2025-10-04 08:41:33,763][__main__][INFO] -     Step 3820 | Action: 0.00 | Portfolio Value: $9959.16
[2025-10-04 08:41:35,907][__main__][INFO] -     Step 4320 | Action: 0.00 | Portfolio Value: $9955.33
[2025-10-04 08:41:38,100][__main__][INFO] -     Step 4820 | Action: 0.00 | Portfolio Value: $9945.10
[2025-10-04 08:41:41,022][__main__][INFO] -     Step 5320 | Action: 0.00 | Portfolio Value: $9936.72
[2025-10-04 08:41:43,139][__main__][INFO] -     Step 5820 | Action: 0.00 | Portfolio Value: $9942.28
[2025-10-04 08:41:45,357][__main__][INFO] -     Step 6320 | Action: 0.00 | Portfolio Value: $9929.14
[2025-10-04 08:41:47,450][__main__][INFO] -     Step 6820 | Action: 0.00 | Portfolio Value: $9921.40
[2025-10-04 08:41:50,180][__main__][INFO] -     Step 7320 | Action: 0.00 | Portfolio Value: $9921.25
[2025-10-04 08:41:52,300][__main__][INFO] -     Step 7820 | Action: 0.00 | Portfolio Value: $9918.66
[2025-10-04 08:41:54,432][__main__][INFO] -     Step 8320 | Action: 0.00 | Portfolio Value: $9918.89
[2025-10-04 08:41:55,980][__main__][INFO] - Ep 13/500 | Reward:    43.46 | Portfolio: $   9917.46 | Return:   -0.83%
[2025-10-04 08:41:57,330][__main__][INFO] -     Step 180 | Action: 1.00 | Portfolio Value: $9996.34
[2025-10-04 08:42:00,445][__main__][INFO] -     Step 680 | Action: 0.00 | Portfolio Value: $9988.94
[2025-10-04 08:42:02,518][__main__][INFO] -     Step 1180 | Action: 1.00 | Portfolio Value: $9979.75
[2025-10-04 08:42:04,656][__main__][INFO] -     Step 1680 | Action: 0.00 | Portfolio Value: $9970.20
[2025-10-04 08:42:06,780][__main__][INFO] -     Step 2180 | Action: 0.00 | Portfolio Value: $9960.48
[2025-10-04 08:42:09,629][__main__][INFO] -     Step 2680 | Action: 0.00 | Portfolio Value: $9959.28
[2025-10-04 08:42:11,770][__main__][INFO] -     Step 3180 | Action: 1.00 | Portfolio Value: $9956.34
[2025-10-04 08:42:13,857][__main__][INFO] -     Step 3680 | Action: 0.00 | Portfolio Value: $9956.15
[2025-10-04 08:42:16,026][__main__][INFO] -     Step 4180 | Action: 0.00 | Portfolio Value: $9945.90
[2025-10-04 08:42:18,855][__main__][INFO] -     Step 4680 | Action: 0.00 | Portfolio Value: $9935.58
[2025-10-04 08:42:21,605][__main__][INFO] -     Step 5180 | Action: 0.00 | Portfolio Value: $9924.05
[2025-10-04 08:42:23,765][__main__][INFO] -     Step 5680 | Action: 2.00 | Portfolio Value: $9927.03
[2025-10-04 08:42:25,899][__main__][INFO] -     Step 6180 | Action: 0.00 | Portfolio Value: $9924.59
[2025-10-04 08:42:28,761][__main__][INFO] -     Step 6680 | Action: 1.00 | Portfolio Value: $9921.27
[2025-10-04 08:42:30,819][__main__][INFO] -     Step 7180 | Action: 0.00 | Portfolio Value: $9918.15
[2025-10-04 08:42:33,007][__main__][INFO] -     Step 7680 | Action: 0.00 | Portfolio Value: $9906.59
[2025-10-04 08:42:35,188][__main__][INFO] -     Step 8180 | Action: 0.00 | Portfolio Value: $9899.05
[2025-10-04 08:42:37,966][__main__][INFO] - Ep 14/500 | Reward:    44.66 | Portfolio: $   9883.63 | Return:   -1.16%
[2025-10-04 08:42:38,172][__main__][INFO] -     Step 40 | Action: 0.00 | Portfolio Value: $9998.97
[2025-10-04 08:42:40,566][__main__][INFO] -     Step 540 | Action: 2.00 | Portfolio Value: $9995.81
[2025-10-04 08:42:42,823][__main__][INFO] -     Step 1040 | Action: 0.00 | Portfolio Value: $9990.13
[2025-10-04 08:42:44,921][__main__][INFO] -     Step 1540 | Action: 0.00 | Portfolio Value: $9983.70
[2025-10-04 08:42:47,729][__main__][INFO] -     Step 2040 | Action: 1.00 | Portfolio Value: $9975.87
[2025-10-04 08:42:49,852][__main__][INFO] -     Step 2540 | Action: 0.00 | Portfolio Value: $9975.20
[2025-10-04 08:42:52,145][__main__][INFO] -     Step 3040 | Action: 0.00 | Portfolio Value: $9965.84
[2025-10-04 08:42:54,227][__main__][INFO] -     Step 3540 | Action: 0.00 | Portfolio Value: $9959.71
[2025-10-04 08:42:56,935][__main__][INFO] -     Step 4040 | Action: 0.00 | Portfolio Value: $9992.16
[2025-10-04 08:42:59,441][__main__][INFO] -     Step 4540 | Action: 2.00 | Portfolio Value: $9988.92
[2025-10-04 08:43:01,752][__main__][INFO] -     Step 5040 | Action: 0.00 | Portfolio Value: $9978.23
[2025-10-04 08:43:03,989][__main__][INFO] -     Step 5540 | Action: 0.00 | Portfolio Value: $9972.67
[2025-10-04 08:43:06,855][__main__][INFO] -     Step 6040 | Action: 0.00 | Portfolio Value: $9975.31
[2025-10-04 08:43:08,955][__main__][INFO] -     Step 6540 | Action: 0.00 | Portfolio Value: $9965.81
[2025-10-04 08:43:11,091][__main__][INFO] -     Step 7040 | Action: 0.00 | Portfolio Value: $9948.01
[2025-10-04 08:43:13,204][__main__][INFO] -     Step 7540 | Action: 2.00 | Portfolio Value: $9934.13
[2025-10-04 08:43:15,573][__main__][INFO] -     Step 8040 | Action: 2.00 | Portfolio Value: $9927.16
[2025-10-04 08:43:18,461][__main__][INFO] -     Step 8540 | Action: 0.00 | Portfolio Value: $9913.16
[2025-10-04 08:43:19,173][__main__][INFO] - Ep 15/500 | Reward:    36.78 | Portfolio: $   9910.94 | Return:   -0.89%
[2025-10-04 08:43:21,407][__main__][INFO] -     Step 400 | Action: 0.00 | Portfolio Value: $9992.56
[2025-10-04 08:43:23,892][__main__][INFO] -     Step 900 | Action: 0.00 | Portfolio Value: $9985.76
[2025-10-04 08:43:26,008][__main__][INFO] -     Step 1400 | Action: 2.00 | Portfolio Value: $9977.46
[2025-10-04 08:43:28,944][__main__][INFO] -     Step 1900 | Action: 0.00 | Portfolio Value: $9972.93
[2025-10-04 08:43:31,256][__main__][INFO] -     Step 2400 | Action: 0.00 | Portfolio Value: $9968.35
[2025-10-04 08:43:33,432][__main__][INFO] -     Step 2900 | Action: 0.00 | Portfolio Value: $9963.02
[2025-10-04 08:43:35,658][__main__][INFO] -     Step 3400 | Action: 0.00 | Portfolio Value: $9965.84
[2025-10-04 08:43:38,694][__main__][INFO] -     Step 3900 | Action: 0.00 | Portfolio Value: $9972.00
[2025-10-04 08:43:40,968][__main__][INFO] -     Step 4400 | Action: 0.00 | Portfolio Value: $9962.27
[2025-10-04 08:43:43,271][__main__][INFO] -     Step 4900 | Action: 1.00 | Portfolio Value: $9960.13
[2025-10-04 08:43:45,420][__main__][INFO] -     Step 5400 | Action: 0.00 | Portfolio Value: $9952.72
[2025-10-04 08:43:48,303][__main__][INFO] -     Step 5900 | Action: 0.00 | Portfolio Value: $9952.36
[2025-10-04 08:43:50,816][__main__][INFO] -     Step 6400 | Action: 0.00 | Portfolio Value: $9949.89
[2025-10-04 08:43:53,442][__main__][INFO] -     Step 6900 | Action: 0.00 | Portfolio Value: $9944.46
[2025-10-04 08:43:56,202][__main__][INFO] -     Step 7400 | Action: 0.00 | Portfolio Value: $9940.42
[2025-10-04 08:43:59,351][__main__][INFO] -     Step 7900 | Action: 0.00 | Portfolio Value: $9930.09
[2025-10-04 08:44:01,582][__main__][INFO] -     Step 8400 | Action: 1.00 | Portfolio Value: $9922.90
[2025-10-04 08:44:02,871][__main__][INFO] - Ep 16/500 | Reward:    42.52 | Portfolio: $   9916.82 | Return:   -0.83%
[2025-10-04 08:44:04,114][__main__][INFO] -     Step 260 | Action: 0.00 | Portfolio Value: $9996.16
[2025-10-04 08:44:06,224][__main__][INFO] -     Step 760 | Action: 0.00 | Portfolio Value: $9989.32
[2025-10-04 08:44:09,037][__main__][INFO] -     Step 1260 | Action: 0.00 | Portfolio Value: $9982.09
[2025-10-04 08:44:11,374][__main__][INFO] -     Step 1760 | Action: 0.00 | Portfolio Value: $9975.78
[2025-10-04 08:44:13,800][__main__][INFO] -     Step 2260 | Action: 2.00 | Portfolio Value: $9968.12
[2025-10-04 08:44:16,781][__main__][INFO] -     Step 2760 | Action: 0.00 | Portfolio Value: $9961.03
[2025-10-04 08:44:20,105][__main__][INFO] -     Step 3260 | Action: 0.00 | Portfolio Value: $9957.29
[2025-10-04 08:44:21,764][__main__][INFO] -     Step 3760 | Action: 0.00 | Portfolio Value: $9952.82
[2025-10-04 08:44:23,196][__main__][INFO] -     Step 4260 | Action: 0.00 | Portfolio Value: $9949.49
[2025-10-04 08:44:24,706][__main__][INFO] -     Step 4760 | Action: 0.00 | Portfolio Value: $9950.98
[2025-10-04 08:44:26,399][__main__][INFO] -     Step 5260 | Action: 0.00 | Portfolio Value: $9938.39
[2025-10-04 08:44:27,637][__main__][INFO] -     Step 5760 | Action: 2.00 | Portfolio Value: $9932.63
[2025-10-04 08:44:28,834][__main__][INFO] -     Step 6260 | Action: 2.00 | Portfolio Value: $9934.84
[2025-10-04 08:44:29,999][__main__][INFO] -     Step 6760 | Action: 0.00 | Portfolio Value: $9924.76
[2025-10-04 08:44:31,426][__main__][INFO] -     Step 7260 | Action: 0.00 | Portfolio Value: $9916.09
[2025-10-04 08:44:32,661][__main__][INFO] -     Step 7760 | Action: 2.00 | Portfolio Value: $9907.74
[2025-10-04 08:44:34,065][__main__][INFO] -     Step 8260 | Action: 0.00 | Portfolio Value: $9903.85
[2025-10-04 08:44:35,368][__main__][INFO] - Ep 17/500 | Reward:    43.64 | Portfolio: $   9889.15 | Return:   -1.11%
[2025-10-04 08:44:35,797][__main__][INFO] -     Step 120 | Action: 0.00 | Portfolio Value: $9998.46
[2025-10-04 08:44:37,595][__main__][INFO] -     Step 620 | Action: 1.00 | Portfolio Value: $9988.43
[2025-10-04 08:44:39,223][__main__][INFO] -     Step 1120 | Action: 0.00 | Portfolio Value: $9980.53
[2025-10-04 08:44:40,479][__main__][INFO] -     Step 1620 | Action: 0.00 | Portfolio Value: $9974.36
[2025-10-04 08:44:41,737][__main__][INFO] -     Step 2120 | Action: 0.00 | Portfolio Value: $9969.26
[2025-10-04 08:44:42,932][__main__][INFO] -     Step 2620 | Action: 0.00 | Portfolio Value: $9960.25
[2025-10-04 08:44:44,331][__main__][INFO] -     Step 3120 | Action: 1.00 | Portfolio Value: $9956.05
[2025-10-04 08:44:45,470][__main__][INFO] -     Step 3620 | Action: 0.00 | Portfolio Value: $9947.64
[2025-10-04 08:44:46,677][__main__][INFO] -     Step 4120 | Action: 0.00 | Portfolio Value: $9973.50
[2025-10-04 08:44:47,818][__main__][INFO] -     Step 4620 | Action: 1.00 | Portfolio Value: $9974.17
[2025-10-04 08:44:49,702][__main__][INFO] -     Step 5120 | Action: 0.00 | Portfolio Value: $9969.14
[2025-10-04 08:44:51,085][__main__][INFO] -     Step 5620 | Action: 0.00 | Portfolio Value: $9964.31
[2025-10-04 08:44:52,408][__main__][INFO] -     Step 6120 | Action: 0.00 | Portfolio Value: $9965.08
[2025-10-04 08:44:54,028][__main__][INFO] -     Step 6620 | Action: 0.00 | Portfolio Value: $9954.38
[2025-10-04 08:44:56,974][__main__][INFO] -     Step 7120 | Action: 0.00 | Portfolio Value: $9945.75
[2025-10-04 08:44:59,216][__main__][INFO] -     Step 7620 | Action: 0.00 | Portfolio Value: $9945.61
[2025-10-04 08:45:01,344][__main__][INFO] -     Step 8120 | Action: 0.00 | Portfolio Value: $9940.22
[2025-10-04 08:45:03,441][__main__][INFO] -     Step 8620 | Action: 0.00 | Portfolio Value: $9932.10
[2025-10-04 08:45:03,722][__main__][INFO] - Ep 18/500 | Reward:    41.46 | Portfolio: $   9932.10 | Return:   -0.68%
[2025-10-04 08:45:06,463][__main__][INFO] -     Step 480 | Action: 0.00 | Portfolio Value: $9991.33
[2025-10-04 08:45:08,611][__main__][INFO] -     Step 980 | Action: 0.00 | Portfolio Value: $9980.78
[2025-10-04 08:45:11,241][__main__][INFO] -     Step 1480 | Action: 1.00 | Portfolio Value: $9973.44
[2025-10-04 08:45:13,830][__main__][INFO] -     Step 1980 | Action: 0.00 | Portfolio Value: $9966.52
[2025-10-04 08:45:16,750][__main__][INFO] -     Step 2480 | Action: 0.00 | Portfolio Value: $9963.93
[2025-10-04 08:45:18,905][__main__][INFO] -     Step 2980 | Action: 0.00 | Portfolio Value: $9958.20
[2025-10-04 08:45:20,144][__main__][INFO] -     Step 3480 | Action: 0.00 | Portfolio Value: $9946.04
[2025-10-04 08:45:21,346][__main__][INFO] -     Step 3980 | Action: 0.00 | Portfolio Value: $9956.85
